// Jest Snapshot v1, https://goo.gl/fbAQLP

exports[`Initial Yandex input data 1`] = `
Object {
  "consumedEnergy": Object {
    "devices": Array [],
    "value": 38.939,
  },
  "schedule": Object {
    "0": Array [
      "F972B82BA56A70CC579945773B6866FB",
      "02DDD23A85DADDD71198305330CC386D",
      "1E6276CC231716FE8EE8BC908486D41E",
      "7D9DC84AD110500D284B33C82FE6E85E",
    ],
    "1": Array [
      "F972B82BA56A70CC579945773B6866FB",
      "02DDD23A85DADDD71198305330CC386D",
      "1E6276CC231716FE8EE8BC908486D41E",
    ],
    "10": Array [
      "02DDD23A85DADDD71198305330CC386D",
      "1E6276CC231716FE8EE8BC908486D41E",
    ],
    "11": Array [
      "02DDD23A85DADDD71198305330CC386D",
      "1E6276CC231716FE8EE8BC908486D41E",
    ],
    "12": Array [
      "02DDD23A85DADDD71198305330CC386D",
      "1E6276CC231716FE8EE8BC908486D41E",
    ],
    "13": Array [
      "02DDD23A85DADDD71198305330CC386D",
      "1E6276CC231716FE8EE8BC908486D41E",
    ],
    "14": Array [
      "C515D887EDBBE669B2FDAC62F571E9E9",
      "02DDD23A85DADDD71198305330CC386D",
      "1E6276CC231716FE8EE8BC908486D41E",
    ],
    "15": Array [
      "C515D887EDBBE669B2FDAC62F571E9E9",
      "02DDD23A85DADDD71198305330CC386D",
      "1E6276CC231716FE8EE8BC908486D41E",
    ],
    "16": Array [
      "02DDD23A85DADDD71198305330CC386D",
      "1E6276CC231716FE8EE8BC908486D41E",
    ],
    "17": Array [
      "02DDD23A85DADDD71198305330CC386D",
      "1E6276CC231716FE8EE8BC908486D41E",
    ],
    "18": Array [
      "02DDD23A85DADDD71198305330CC386D",
      "1E6276CC231716FE8EE8BC908486D41E",
    ],
    "19": Array [
      "02DDD23A85DADDD71198305330CC386D",
      "1E6276CC231716FE8EE8BC908486D41E",
    ],
    "2": Array [
      "02DDD23A85DADDD71198305330CC386D",
      "1E6276CC231716FE8EE8BC908486D41E",
    ],
    "20": Array [
      "02DDD23A85DADDD71198305330CC386D",
      "1E6276CC231716FE8EE8BC908486D41E",
    ],
    "21": Array [
      "02DDD23A85DADDD71198305330CC386D",
      "1E6276CC231716FE8EE8BC908486D41E",
    ],
    "22": Array [
      "02DDD23A85DADDD71198305330CC386D",
      "1E6276CC231716FE8EE8BC908486D41E",
    ],
    "23": Array [
      "F972B82BA56A70CC579945773B6866FB",
      "02DDD23A85DADDD71198305330CC386D",
      "1E6276CC231716FE8EE8BC908486D41E",
    ],
    "3": Array [
      "02DDD23A85DADDD71198305330CC386D",
      "1E6276CC231716FE8EE8BC908486D41E",
    ],
    "4": Array [
      "02DDD23A85DADDD71198305330CC386D",
      "1E6276CC231716FE8EE8BC908486D41E",
    ],
    "5": Array [
      "02DDD23A85DADDD71198305330CC386D",
      "1E6276CC231716FE8EE8BC908486D41E",
    ],
    "6": Array [
      "02DDD23A85DADDD71198305330CC386D",
      "1E6276CC231716FE8EE8BC908486D41E",
    ],
    "7": Array [
      "02DDD23A85DADDD71198305330CC386D",
      "1E6276CC231716FE8EE8BC908486D41E",
    ],
    "8": Array [
      "02DDD23A85DADDD71198305330CC386D",
      "1E6276CC231716FE8EE8BC908486D41E",
    ],
    "9": Array [
      "02DDD23A85DADDD71198305330CC386D",
      "1E6276CC231716FE8EE8BC908486D41E",
    ],
  },
}
`;
